apiVersion: rbac.authorization.k8s.io/v1
kind: ClusterRole
metadata:
    name: crossplane-aws-readers-role
rules:
    - apiGroups:
        - appautoscaling.aws.upbound.io
      resources:
        - '*'
      verbs:
        - get
        - list
        - watch
